window "AmiPilot ClassAct Fixture" screen="Workbench Screen" [210,63 228x143]
  gadget id=0 role=custom class="buttongclass" label="" [206,0 24x11]
  gadget id=0 role=custom class="buttongclass" label="" [0,0 20x11]
  gadget id=0 role=custom class="gadgetclass" label="" [0,0 228x10]
  gadget id=0 role=custom class="layout.gadget" label="" [4,11 220x130]
