window "AmiPilot ReAction Classes Fixture" screen="Workbench Screen" [40,0 340x256]
  gadget id=0 role=custom class="buttongclass" label="" [318,0 24x11]
  gadget id=0 role=custom class="buttongclass" label="" [0,0 20x11]
  gadget id=0 role=custom class="gadgetclass" label="" [0,0 340x10]
  gadget id=101 role=page_tab_list class="clicktab.gadget" label="" [8,20 150x22]
  gadget id=102 role=color_wheel class="colorwheel.gadget" label="" [172,20 150x60]
  gadget id=103 role=calendar class="datebrowser.gadget" label="" [8,84 150x22]
  gadget id=104 role=progress_bar class="fuelgauge.gadget" label="" [172,84 150x22]
  gadget id=105 role=color_chooser class="getcolor.gadget" label="" [8,110 150x22]
  gadget id=106 role=file_chooser class="getfile.gadget" label="" [172,110 150x22]
  gadget id=107 role=font_chooser class="getfont.gadget" label="" [8,136 150x22]
  gadget id=108 role=screenmode_chooser class="getscreenmode.gadget" label="" [172,136 150x22]
  gadget id=109 role=slider class="gradientslider.gadget" label="" [8,162 150x22]
  gadget id=110 role=palette class="palette.gadget" label="" [172,162 150x22]
  gadget id=111 role=canvas class="sketchboard.gadget" label="" [8,188 150x40]
  gadget id=112 role=toolbar class="speedbar" label="" [172,188 150x22]
  gadget id=113 role=text_editor class="texteditor.gadget" label="" [8,232 314x30]
