window "AmiPilot GadTools Fixture" screen="Workbench Screen" [40,40 220x214]
  gadget id=0 role=custom class="buttongclass" label="" [198,0 24x11]
  gadget id=0 role=custom class="buttongclass" label="" [0,0 20x11]
  gadget id=0 role=custom class="gadgetclass" label="" [0,0 220x10]
  gadget id=0 role=unknown class="" label="" [0,0 0x0]
  gadget id=1 role=button class="" label="" [20,24 100x14]
  gadget id=2 role=string class="" label="Host:" value="" [26,51 88x8]
  gadget id=3 role=checkbox class="" label="Enabled" [20,72 26x11]
  gadget id=4 role=button class="" label="" [20,96 100x14]
  gadget id=5 role=slider class="" label="" [24,122 92x10]
  gadget id=5 role=unknown class="" label="Volume" [20,120 100x14]
  gadget id=6 role=button class="" label="" [20,144 100x14]
  gadget id=7 role=button class="" label="" [20,168 100x14]
